[krishna-enterprises-j4nm-staging.b12sites.com/index.html]
[backblue.gif]
[fade.gif]
[index.html]
[code.jquery.com/jquery-3.3.1.min.js]
[cdn.b12.io/client_media/tZAowkkL/11bb3dfe-e2ff-11ef-a2a1-0242ac110002-jpg-hero_image.jpg]
[cdn.b12.io/client_media/tZAowkkL/1311f1de-e2ff-11ef-a2a1-0242ac110002-jpg-hero_image.jpg]
[cdn.b12.io/client_media/tZAowkkL/18972bb0-e2ff-11ef-a2a1-0242ac110002-jpg-hero_image.jpg]
[cdn.b12.io/client_media/tZAowkkL/18a73d66-e2ff-11ef-a2a1-0242ac110002-jpg-regular_image.jpg]
[cdn.b12.io/client_media/tZAowkkL/19081fc8-e2ff-11ef-a2a1-0242ac110002-jpg-hero_image.jpg]
[cdn.b12.io/client_media/tZAowkkL/1912e728-e2ff-11ef-a2a1-0242ac110002-jpg-regular_image.jpg]
[cdn.b12.io/client_media/tZAowkkL/1926f6b4-e2ff-11ef-a2a1-0242ac110002-jpg-hero_image.jpg]
[cdn.b12.io/client_media/tZAowkkL/19393662-e2ff-11ef-a2a1-0242ac110002-jpg-regular_image.jpg]
[cdn.b12.io/media/4ffb28d0-3cb3-11e8-9f2d-0242ac11000f-jpg-regular_image.jpg]
[cdn.b12.io/media/71549a48-3cb3-11e8-9f2d-0242ac11000f-jpg-regular_image.jpg]
[cdn.b12.io/media/5588e774-3cb3-11e8-9f2d-0242ac11000f-jpg-regular_image.jpg]
[cdn.b12.io/client_media/tZAowkkL/171b078e-e2ff-11ef-a2a1-0242ac110002-jpg-hero_image.jpg]
[cdn.b12.io/client_media/tZAowkkL/1729bb80-e2ff-11ef-a2a1-0242ac110002-jpg-regular_image.jpg]
[cdn.b12.io/client_media/tZAowkkL/16cdb2e0-e2ff-11ef-a2a1-0242ac110002-jpg-hero_image.jpg]
[cdn.b12.io/client_media/tZAowkkL/16e59306-e2ff-11ef-a2a1-0242ac110002-jpg-regular_image.jpg]
[cdn.b12.io/client_media/tZAowkkL/16972bb2-e2ff-11ef-a2a1-0242ac110002-jpg-hero_image.jpg]
[cdn.b12.io/client_media/tZAowkkL/16a9f83c-e2ff-11ef-a2a1-0242ac110002-jpg-regular_image.jpg]
[cdn.b12.io/media/d3c83fda-3cb4-11e8-bbb9-0242ac11000f-jpg-hero_image.jpg]
[cdn.b12.io/media/d2e43f88-3cb4-11e8-bbb9-0242ac11000f-jpg-regular_image.jpg]
[cdn.b12.io/media/e40aadca-3cc2-11e8-9f69-0242ac11000f-jpg-hero_image.jpg]
[cdn.b12.io/media/e3b56478-3cc2-11e8-9f69-0242ac11000f-jpg-regular_image.jpg]
[cdn.b12.io/media/e7978a10-3cb0-11e8-8656-0242ac11000f-jpeg-hero_image.jpg]
[cdn.b12.io/media/e816aa02-3cb0-11e8-8656-0242ac11000f-jpeg-regular_image.jpg]
[cdn.b12.io/prod_traffic/global.js]
[www.google.com/recaptcha/apifb47.js]
[krishna-enterprises-j4nm-staging.b12sites.com/index.html]
[krishna-enterprises-j4nm-staging.b12sites.com/index-2.html]
